Archive member included because of file (symbol)

c:/freescale/kds_1.0.1/toolchain/bin/../lib/gcc/arm-none-eabi/4.8.0/../../../../arm-none-eabi/lib\libg.a(lib_a-atexit.o)
                              c:/freescale/kds_1.0.1/toolchain/bin/../lib/gcc/arm-none-eabi/4.8.0/../../../../arm-none-eabi/lib/crt0.o (atexit)
c:/freescale/kds_1.0.1/toolchain/bin/../lib/gcc/arm-none-eabi/4.8.0/../../../../arm-none-eabi/lib\libg.a(lib_a-exit.o)
                              c:/freescale/kds_1.0.1/toolchain/bin/../lib/gcc/arm-none-eabi/4.8.0/../../../../arm-none-eabi/lib/crt0.o (exit)
c:/freescale/kds_1.0.1/toolchain/bin/../lib/gcc/arm-none-eabi/4.8.0/../../../../arm-none-eabi/lib\libg.a(lib_a-impure.o)
                              c:/freescale/kds_1.0.1/toolchain/bin/../lib/gcc/arm-none-eabi/4.8.0/../../../../arm-none-eabi/lib\libg.a(lib_a-exit.o) (_global_impure_ptr)
c:/freescale/kds_1.0.1/toolchain/bin/../lib/gcc/arm-none-eabi/4.8.0/../../../../arm-none-eabi/lib\libg.a(lib_a-memset.o)
                              c:/freescale/kds_1.0.1/toolchain/bin/../lib/gcc/arm-none-eabi/4.8.0/../../../../arm-none-eabi/lib/crt0.o (memset)
c:/freescale/kds_1.0.1/toolchain/bin/../lib/gcc/arm-none-eabi/4.8.0/../../../../arm-none-eabi/lib\libg.a(lib_a-syscalls.o)
                              c:/freescale/kds_1.0.1/toolchain/bin/../lib/gcc/arm-none-eabi/4.8.0/../../../../arm-none-eabi/lib\libg.a(lib_a-exit.o) (_exit)
c:/freescale/kds_1.0.1/toolchain/bin/../lib/gcc/arm-none-eabi/4.8.0/../../../../arm-none-eabi/lib\libg.a(lib_a-__atexit.o)
                              c:/freescale/kds_1.0.1/toolchain/bin/../lib/gcc/arm-none-eabi/4.8.0/../../../../arm-none-eabi/lib\libg.a(lib_a-atexit.o) (__register_exitproc)
c:/freescale/kds_1.0.1/toolchain/bin/../lib/gcc/arm-none-eabi/4.8.0/../../../../arm-none-eabi/lib\libg.a(lib_a-__call_atexit.o)
                              c:/freescale/kds_1.0.1/toolchain/bin/../lib/gcc/arm-none-eabi/4.8.0/../../../../arm-none-eabi/lib\libg.a(lib_a-exit.o) (__call_exitprocs)
c:/freescale/kds_1.0.1/toolchain/bin/../lib/gcc/arm-none-eabi/4.8.0/../../../../arm-none-eabi/lib\libg.a(lib_a-errno.o)
                              c:/freescale/kds_1.0.1/toolchain/bin/../lib/gcc/arm-none-eabi/4.8.0/../../../../arm-none-eabi/lib\libg.a(lib_a-syscalls.o) (__errno)
c:/freescale/kds_1.0.1/toolchain/bin/../lib/gcc/arm-none-eabi/4.8.0/../../../../arm-none-eabi/lib\libg.a(lib_a-strlen.o)
                              c:/freescale/kds_1.0.1/toolchain/bin/../lib/gcc/arm-none-eabi/4.8.0/../../../../arm-none-eabi/lib\libg.a(lib_a-syscalls.o) (strlen)

Allocating common symbols
Common symbol       size              file

SR_reg              0x1               ./Generated_Code/Cpu.o

Discarded input sections

 .text          0x00000000        0x0 c:/freescale/kds_1.0.1/toolchain/bin/../lib/gcc/arm-none-eabi/4.8.0/crti.o
 .data          0x00000000        0x0 c:/freescale/kds_1.0.1/toolchain/bin/../lib/gcc/arm-none-eabi/4.8.0/crti.o
 .bss           0x00000000        0x0 c:/freescale/kds_1.0.1/toolchain/bin/../lib/gcc/arm-none-eabi/4.8.0/crti.o
 .text          0x00000000        0x0 c:/freescale/kds_1.0.1/toolchain/bin/../lib/gcc/arm-none-eabi/4.8.0/crtbegin.o
 .data          0x00000000        0x0 c:/freescale/kds_1.0.1/toolchain/bin/../lib/gcc/arm-none-eabi/4.8.0/crtbegin.o
 .bss           0x00000000        0x0 c:/freescale/kds_1.0.1/toolchain/bin/../lib/gcc/arm-none-eabi/4.8.0/crtbegin.o
 .data.__dso_handle
                0x00000000        0x4 c:/freescale/kds_1.0.1/toolchain/bin/../lib/gcc/arm-none-eabi/4.8.0/crtbegin.o
 .text          0x00000000       0xf4 c:/freescale/kds_1.0.1/toolchain/bin/../lib/gcc/arm-none-eabi/4.8.0/../../../../arm-none-eabi/lib/crt0.o
 .data          0x00000000        0x0 c:/freescale/kds_1.0.1/toolchain/bin/../lib/gcc/arm-none-eabi/4.8.0/../../../../arm-none-eabi/lib/crt0.o
 .bss           0x00000000        0x0 c:/freescale/kds_1.0.1/toolchain/bin/../lib/gcc/arm-none-eabi/4.8.0/../../../../arm-none-eabi/lib/crt0.o
 .comment       0x00000000       0x32 c:/freescale/kds_1.0.1/toolchain/bin/../lib/gcc/arm-none-eabi/4.8.0/../../../../arm-none-eabi/lib/crt0.o
 .ARM.attributes
                0x00000000       0x31 c:/freescale/kds_1.0.1/toolchain/bin/../lib/gcc/arm-none-eabi/4.8.0/../../../../arm-none-eabi/lib/crt0.o
 .group         0x00000000        0x8 ./Sources/Events.o
 .group         0x00000000        0x8 ./Sources/Events.o
 .group         0x00000000        0x8 ./Sources/Events.o
 .group         0x00000000        0x8 ./Sources/Events.o
 .group         0x00000000        0x8 ./Sources/Events.o
 .group         0x00000000        0x8 ./Sources/Events.o
 .group         0x00000000        0x8 ./Sources/Events.o
 .text          0x00000000        0x0 ./Sources/Events.o
 .data          0x00000000        0x0 ./Sources/Events.o
 .bss           0x00000000        0x0 ./Sources/Events.o
 .group         0x00000000        0x8 ./Sources/main.o
 .group         0x00000000        0x8 ./Sources/main.o
 .group         0x00000000        0x8 ./Sources/main.o
 .group         0x00000000        0x8 ./Sources/main.o
 .group         0x00000000        0x8 ./Sources/main.o
 .group         0x00000000        0x8 ./Sources/main.o
 .group         0x00000000        0x8 ./Sources/main.o
 .text          0x00000000        0x0 ./Sources/main.o
 .data          0x00000000        0x0 ./Sources/main.o
 .bss           0x00000000        0x0 ./Sources/main.o
 .debug_macro   0x00000000      0x802 ./Sources/main.o
 .debug_macro   0x00000000      0x214 ./Sources/main.o
 .debug_macro   0x00000000     0x1568 ./Sources/main.o
 .debug_macro   0x00000000      0x14e ./Sources/main.o
 .debug_macro   0x00000000       0x64 ./Sources/main.o
 .debug_macro   0x00000000     0x5f60 ./Sources/main.o
 .debug_macro   0x00000000       0x94 ./Sources/main.o
 .group         0x00000000        0x8 ./Project_Settings/Startup_Code/startup.o
 .group         0x00000000        0x8 ./Project_Settings/Startup_Code/startup.o
 .group         0x00000000        0x8 ./Project_Settings/Startup_Code/startup.o
 .group         0x00000000        0x8 ./Project_Settings/Startup_Code/startup.o
 .group         0x00000000        0x8 ./Project_Settings/Startup_Code/startup.o
 .group         0x00000000        0x8 ./Project_Settings/Startup_Code/startup.o
 .group         0x00000000        0x8 ./Project_Settings/Startup_Code/startup.o
 .group         0x00000000        0x8 ./Project_Settings/Startup_Code/startup.o
 .group         0x00000000        0x8 ./Project_Settings/Startup_Code/startup.o
 .group         0x00000000        0x8 ./Project_Settings/Startup_Code/startup.o
 .group         0x00000000        0x8 ./Project_Settings/Startup_Code/startup.o
 .group         0x00000000        0x8 ./Project_Settings/Startup_Code/startup.o
 .text          0x00000000        0x0 ./Project_Settings/Startup_Code/startup.o
 .data          0x00000000        0x0 ./Project_Settings/Startup_Code/startup.o
 .bss           0x00000000        0x0 ./Project_Settings/Startup_Code/startup.o
 .text.__init_hardware
                0x00000000        0x8 ./Project_Settings/Startup_Code/startup.o
 .text.__iar_program_start
                0x00000000        0xc ./Project_Settings/Startup_Code/startup.o
 .debug_macro   0x00000000      0x802 ./Project_Settings/Startup_Code/startup.o
 .group         0x00000000        0x8 ./Generated_Code/Cpu.o
 .group         0x00000000        0x8 ./Generated_Code/Cpu.o
 .group         0x00000000        0x8 ./Generated_Code/Cpu.o
 .group         0x00000000        0x8 ./Generated_Code/Cpu.o
 .group         0x00000000        0x8 ./Generated_Code/Cpu.o
 .group         0x00000000        0x8 ./Generated_Code/Cpu.o
 .group         0x00000000        0x8 ./Generated_Code/Cpu.o
 .text          0x00000000        0x0 ./Generated_Code/Cpu.o
 .data          0x00000000        0x0 ./Generated_Code/Cpu.o
 .bss           0x00000000        0x0 ./Generated_Code/Cpu.o
 .bss.SR_lock   0x00000000        0x1 ./Generated_Code/Cpu.o
 .debug_macro   0x00000000      0x802 ./Generated_Code/Cpu.o
 .debug_macro   0x00000000      0x214 ./Generated_Code/Cpu.o
 .debug_macro   0x00000000     0x1568 ./Generated_Code/Cpu.o
 .debug_macro   0x00000000      0x14e ./Generated_Code/Cpu.o
 .debug_macro   0x00000000       0x64 ./Generated_Code/Cpu.o
 .debug_macro   0x00000000     0x5f60 ./Generated_Code/Cpu.o
 COMMON         0x00000000        0x1 ./Generated_Code/Cpu.o
 .group         0x00000000        0x8 ./Generated_Code/PE_LDD.o
 .group         0x00000000        0x8 ./Generated_Code/PE_LDD.o
 .group         0x00000000        0x8 ./Generated_Code/PE_LDD.o
 .group         0x00000000        0x8 ./Generated_Code/PE_LDD.o
 .group         0x00000000        0x8 ./Generated_Code/PE_LDD.o
 .group         0x00000000        0x8 ./Generated_Code/PE_LDD.o
 .group         0x00000000        0x8 ./Generated_Code/PE_LDD.o
 .text          0x00000000        0x0 ./Generated_Code/PE_LDD.o
 .data          0x00000000        0x0 ./Generated_Code/PE_LDD.o
 .bss           0x00000000        0x0 ./Generated_Code/PE_LDD.o
 .rodata.PE_CpuClockConfigurations
                0x00000000       0x28 ./Generated_Code/PE_LDD.o
 .text.PE_FillMemory
                0x00000000       0x24 ./Generated_Code/PE_LDD.o
 .text.PE_PeripheralUsed
                0x00000000       0x14 ./Generated_Code/PE_LDD.o
 .text.LDD_SetClockConfiguration
                0x00000000       0x14 ./Generated_Code/PE_LDD.o
 .debug_info    0x00000000      0x1ff ./Generated_Code/PE_LDD.o
 .debug_abbrev  0x00000000       0xf3 ./Generated_Code/PE_LDD.o
 .debug_aranges
                0x00000000       0x30 ./Generated_Code/PE_LDD.o
 .debug_ranges  0x00000000       0x20 ./Generated_Code/PE_LDD.o
 .debug_macro   0x00000000       0x71 ./Generated_Code/PE_LDD.o
 .debug_macro   0x00000000      0x802 ./Generated_Code/PE_LDD.o
 .debug_macro   0x00000000      0x214 ./Generated_Code/PE_LDD.o
 .debug_macro   0x00000000     0x1568 ./Generated_Code/PE_LDD.o
 .debug_macro   0x00000000      0x14e ./Generated_Code/PE_LDD.o
 .debug_macro   0x00000000       0x64 ./Generated_Code/PE_LDD.o
 .debug_macro   0x00000000     0x5f60 ./Generated_Code/PE_LDD.o
 .debug_macro   0x00000000       0x94 ./Generated_Code/PE_LDD.o
 .debug_line    0x00000000      0x1b2 ./Generated_Code/PE_LDD.o
 .debug_str     0x00000000    0x2999e ./Generated_Code/PE_LDD.o
 .comment       0x00000000       0x32 ./Generated_Code/PE_LDD.o
 .ARM.attributes
                0x00000000       0x32 ./Generated_Code/PE_LDD.o
 .debug_frame   0x00000000       0x6c ./Generated_Code/PE_LDD.o
 .group         0x00000000        0x8 ./Generated_Code/Vectors.o
 .group         0x00000000        0x8 ./Generated_Code/Vectors.o
 .group         0x00000000        0x8 ./Generated_Code/Vectors.o
 .group         0x00000000        0x8 ./Generated_Code/Vectors.o
 .group         0x00000000        0x8 ./Generated_Code/Vectors.o
 .group         0x00000000        0x8 ./Generated_Code/Vectors.o
 .group         0x00000000        0x8 ./Generated_Code/Vectors.o
 .text          0x00000000        0x0 ./Generated_Code/Vectors.o
 .data          0x00000000        0x0 ./Generated_Code/Vectors.o
 .bss           0x00000000        0x0 ./Generated_Code/Vectors.o
 .debug_macro   0x00000000      0x802 ./Generated_Code/Vectors.o
 .debug_macro   0x00000000      0x214 ./Generated_Code/Vectors.o
 .debug_macro   0x00000000     0x1568 ./Generated_Code/Vectors.o
 .debug_macro   0x00000000      0x14e ./Generated_Code/Vectors.o
 .debug_macro   0x00000000       0x64 ./Generated_Code/Vectors.o
 .debug_macro   0x00000000     0x5f60 ./Generated_Code/Vectors.o
 .debug_macro   0x00000000       0x94 ./Generated_Code/Vectors.o
 .text          0x00000000        0x0 c:/freescale/kds_1.0.1/toolchain/bin/../lib/gcc/arm-none-eabi/4.8.0/../../../../arm-none-eabi/lib\libg.a(lib_a-atexit.o)
 .data          0x00000000        0x0 c:/freescale/kds_1.0.1/toolchain/bin/../lib/gcc/arm-none-eabi/4.8.0/../../../../arm-none-eabi/lib\libg.a(lib_a-atexit.o)
 .bss           0x00000000        0x0 c:/freescale/kds_1.0.1/toolchain/bin/../lib/gcc/arm-none-eabi/4.8.0/../../../../arm-none-eabi/lib\libg.a(lib_a-atexit.o)
 .text.atexit   0x00000000       0x10 c:/freescale/kds_1.0.1/toolchain/bin/../lib/gcc/arm-none-eabi/4.8.0/../../../../arm-none-eabi/lib\libg.a(lib_a-atexit.o)
 .comment       0x00000000       0x32 c:/freescale/kds_1.0.1/toolchain/bin/../lib/gcc/arm-none-eabi/4.8.0/../../../../arm-none-eabi/lib\libg.a(lib_a-atexit.o)
 .ARM.attributes
                0x00000000       0x31 c:/freescale/kds_1.0.1/toolchain/bin/../lib/gcc/arm-none-eabi/4.8.0/../../../../arm-none-eabi/lib\libg.a(lib_a-atexit.o)
 .text          0x00000000        0x0 c:/freescale/kds_1.0.1/toolchain/bin/../lib/gcc/arm-none-eabi/4.8.0/../../../../arm-none-eabi/lib\libg.a(lib_a-exit.o)
 .data          0x00000000        0x0 c:/freescale/kds_1.0.1/toolchain/bin/../lib/gcc/arm-none-eabi/4.8.0/../../../../arm-none-eabi/lib\libg.a(lib_a-exit.o)
 .bss           0x00000000        0x0 c:/freescale/kds_1.0.1/toolchain/bin/../lib/gcc/arm-none-eabi/4.8.0/../../../../arm-none-eabi/lib\libg.a(lib_a-exit.o)
 .text.exit     0x00000000       0x20 c:/freescale/kds_1.0.1/toolchain/bin/../lib/gcc/arm-none-eabi/4.8.0/../../../../arm-none-eabi/lib\libg.a(lib_a-exit.o)
 .comment       0x00000000       0x32 c:/freescale/kds_1.0.1/toolchain/bin/../lib/gcc/arm-none-eabi/4.8.0/../../../../arm-none-eabi/lib\libg.a(lib_a-exit.o)
 .ARM.attributes
                0x00000000       0x31 c:/freescale/kds_1.0.1/toolchain/bin/../lib/gcc/arm-none-eabi/4.8.0/../../../../arm-none-eabi/lib\libg.a(lib_a-exit.o)
 .text          0x00000000        0x0 c:/freescale/kds_1.0.1/toolchain/bin/../lib/gcc/arm-none-eabi/4.8.0/../../../../arm-none-eabi/lib\libg.a(lib_a-impure.o)
 .data          0x00000000        0x0 c:/freescale/kds_1.0.1/toolchain/bin/../lib/gcc/arm-none-eabi/4.8.0/../../../../arm-none-eabi/lib\libg.a(lib_a-impure.o)
 .bss           0x00000000        0x0 c:/freescale/kds_1.0.1/toolchain/bin/../lib/gcc/arm-none-eabi/4.8.0/../../../../arm-none-eabi/lib\libg.a(lib_a-impure.o)
 .data.impure_data
                0x00000000      0x428 c:/freescale/kds_1.0.1/toolchain/bin/../lib/gcc/arm-none-eabi/4.8.0/../../../../arm-none-eabi/lib\libg.a(lib_a-impure.o)
 .data._impure_ptr
                0x00000000        0x4 c:/freescale/kds_1.0.1/toolchain/bin/../lib/gcc/arm-none-eabi/4.8.0/../../../../arm-none-eabi/lib\libg.a(lib_a-impure.o)
 .rodata.str1.1
                0x00000000        0x2 c:/freescale/kds_1.0.1/toolchain/bin/../lib/gcc/arm-none-eabi/4.8.0/../../../../arm-none-eabi/lib\libg.a(lib_a-impure.o)
 .rodata._global_impure_ptr
                0x00000000        0x4 c:/freescale/kds_1.0.1/toolchain/bin/../lib/gcc/arm-none-eabi/4.8.0/../../../../arm-none-eabi/lib\libg.a(lib_a-impure.o)
 .comment       0x00000000       0x32 c:/freescale/kds_1.0.1/toolchain/bin/../lib/gcc/arm-none-eabi/4.8.0/../../../../arm-none-eabi/lib\libg.a(lib_a-impure.o)
 .ARM.attributes
                0x00000000       0x31 c:/freescale/kds_1.0.1/toolchain/bin/../lib/gcc/arm-none-eabi/4.8.0/../../../../arm-none-eabi/lib\libg.a(lib_a-impure.o)
 .text          0x00000000        0x0 c:/freescale/kds_1.0.1/toolchain/bin/../lib/gcc/arm-none-eabi/4.8.0/../../../../arm-none-eabi/lib\libg.a(lib_a-memset.o)
 .data          0x00000000        0x0 c:/freescale/kds_1.0.1/toolchain/bin/../lib/gcc/arm-none-eabi/4.8.0/../../../../arm-none-eabi/lib\libg.a(lib_a-memset.o)
 .bss           0x00000000        0x0 c:/freescale/kds_1.0.1/toolchain/bin/../lib/gcc/arm-none-eabi/4.8.0/../../../../arm-none-eabi/lib\libg.a(lib_a-memset.o)
 .text.memset   0x00000000       0x12 c:/freescale/kds_1.0.1/toolchain/bin/../lib/gcc/arm-none-eabi/4.8.0/../../../../arm-none-eabi/lib\libg.a(lib_a-memset.o)
 .comment       0x00000000       0x32 c:/freescale/kds_1.0.1/toolchain/bin/../lib/gcc/arm-none-eabi/4.8.0/../../../../arm-none-eabi/lib\libg.a(lib_a-memset.o)
 .ARM.attributes
                0x00000000       0x31 c:/freescale/kds_1.0.1/toolchain/bin/../lib/gcc/arm-none-eabi/4.8.0/../../../../arm-none-eabi/lib\libg.a(lib_a-memset.o)
 .text          0x00000000        0x0 c:/freescale/kds_1.0.1/toolchain/bin/../lib/gcc/arm-none-eabi/4.8.0/../../../../arm-none-eabi/lib\libg.a(lib_a-syscalls.o)
 .data          0x00000000        0x0 c:/freescale/kds_1.0.1/toolchain/bin/../lib/gcc/arm-none-eabi/4.8.0/../../../../arm-none-eabi/lib\libg.a(lib_a-syscalls.o)
 .bss           0x00000000        0x0 c:/freescale/kds_1.0.1/toolchain/bin/../lib/gcc/arm-none-eabi/4.8.0/../../../../arm-none-eabi/lib\libg.a(lib_a-syscalls.o)
 .text.invalid_fd
                0x00000000       0x1c c:/freescale/kds_1.0.1/toolchain/bin/../lib/gcc/arm-none-eabi/4.8.0/../../../../arm-none-eabi/lib\libg.a(lib_a-syscalls.o)
 .text.error    0x00000000       0x1c c:/freescale/kds_1.0.1/toolchain/bin/../lib/gcc/arm-none-eabi/4.8.0/../../../../arm-none-eabi/lib\libg.a(lib_a-syscalls.o)
 .text.findslot.part.0
                0x00000000       0x1c c:/freescale/kds_1.0.1/toolchain/bin/../lib/gcc/arm-none-eabi/4.8.0/../../../../arm-none-eabi/lib\libg.a(lib_a-syscalls.o)
 .text.initialise_monitor_handles
                0x00000000       0x78 c:/freescale/kds_1.0.1/toolchain/bin/../lib/gcc/arm-none-eabi/4.8.0/../../../../arm-none-eabi/lib\libg.a(lib_a-syscalls.o)
 .text._swiread
                0x00000000       0x26 c:/freescale/kds_1.0.1/toolchain/bin/../lib/gcc/arm-none-eabi/4.8.0/../../../../arm-none-eabi/lib\libg.a(lib_a-syscalls.o)
 .text._read    0x00000000       0x64 c:/freescale/kds_1.0.1/toolchain/bin/../lib/gcc/arm-none-eabi/4.8.0/../../../../arm-none-eabi/lib\libg.a(lib_a-syscalls.o)
 .text._swilseek
                0x00000000       0xa4 c:/freescale/kds_1.0.1/toolchain/bin/../lib/gcc/arm-none-eabi/4.8.0/../../../../arm-none-eabi/lib\libg.a(lib_a-syscalls.o)
 .text._lseek   0x00000000       0x10 c:/freescale/kds_1.0.1/toolchain/bin/../lib/gcc/arm-none-eabi/4.8.0/../../../../arm-none-eabi/lib\libg.a(lib_a-syscalls.o)
 .text._swiwrite
                0x00000000       0x26 c:/freescale/kds_1.0.1/toolchain/bin/../lib/gcc/arm-none-eabi/4.8.0/../../../../arm-none-eabi/lib\libg.a(lib_a-syscalls.o)
 .text._write   0x00000000       0x68 c:/freescale/kds_1.0.1/toolchain/bin/../lib/gcc/arm-none-eabi/4.8.0/../../../../arm-none-eabi/lib\libg.a(lib_a-syscalls.o)
 .text._swiopen
                0x00000000       0x84 c:/freescale/kds_1.0.1/toolchain/bin/../lib/gcc/arm-none-eabi/4.8.0/../../../../arm-none-eabi/lib\libg.a(lib_a-syscalls.o)
 .text._open    0x00000000       0x18 c:/freescale/kds_1.0.1/toolchain/bin/../lib/gcc/arm-none-eabi/4.8.0/../../../../arm-none-eabi/lib\libg.a(lib_a-syscalls.o)
 .text._swiclose
                0x00000000       0x40 c:/freescale/kds_1.0.1/toolchain/bin/../lib/gcc/arm-none-eabi/4.8.0/../../../../arm-none-eabi/lib\libg.a(lib_a-syscalls.o)
 .text._close   0x00000000       0x10 c:/freescale/kds_1.0.1/toolchain/bin/../lib/gcc/arm-none-eabi/4.8.0/../../../../arm-none-eabi/lib\libg.a(lib_a-syscalls.o)
 .text._kill    0x00000000       0x24 c:/freescale/kds_1.0.1/toolchain/bin/../lib/gcc/arm-none-eabi/4.8.0/../../../../arm-none-eabi/lib\libg.a(lib_a-syscalls.o)
 .text._exit    0x00000000        0xc c:/freescale/kds_1.0.1/toolchain/bin/../lib/gcc/arm-none-eabi/4.8.0/../../../../arm-none-eabi/lib\libg.a(lib_a-syscalls.o)
 .text._getpid  0x00000000        0x4 c:/freescale/kds_1.0.1/toolchain/bin/../lib/gcc/arm-none-eabi/4.8.0/../../../../arm-none-eabi/lib\libg.a(lib_a-syscalls.o)
 .text._sbrk    0x00000000       0x38 c:/freescale/kds_1.0.1/toolchain/bin/../lib/gcc/arm-none-eabi/4.8.0/../../../../arm-none-eabi/lib\libg.a(lib_a-syscalls.o)
 .text._fstat   0x00000000       0x1e c:/freescale/kds_1.0.1/toolchain/bin/../lib/gcc/arm-none-eabi/4.8.0/../../../../arm-none-eabi/lib\libg.a(lib_a-syscalls.o)
 .text._stat    0x00000000       0x34 c:/freescale/kds_1.0.1/toolchain/bin/../lib/gcc/arm-none-eabi/4.8.0/../../../../arm-none-eabi/lib\libg.a(lib_a-syscalls.o)
 .text._link    0x00000000        0x6 c:/freescale/kds_1.0.1/toolchain/bin/../lib/gcc/arm-none-eabi/4.8.0/../../../../arm-none-eabi/lib\libg.a(lib_a-syscalls.o)
 .text._unlink  0x00000000       0x2a c:/freescale/kds_1.0.1/toolchain/bin/../lib/gcc/arm-none-eabi/4.8.0/../../../../arm-none-eabi/lib\libg.a(lib_a-syscalls.o)
 .text._raise   0x00000000        0x2 c:/freescale/kds_1.0.1/toolchain/bin/../lib/gcc/arm-none-eabi/4.8.0/../../../../arm-none-eabi/lib\libg.a(lib_a-syscalls.o)
 .text._gettimeofday
                0x00000000       0x2a c:/freescale/kds_1.0.1/toolchain/bin/../lib/gcc/arm-none-eabi/4.8.0/../../../../arm-none-eabi/lib\libg.a(lib_a-syscalls.o)
 .text._times   0x00000000       0x22 c:/freescale/kds_1.0.1/toolchain/bin/../lib/gcc/arm-none-eabi/4.8.0/../../../../arm-none-eabi/lib\libg.a(lib_a-syscalls.o)
 .text._isatty  0x00000000       0x44 c:/freescale/kds_1.0.1/toolchain/bin/../lib/gcc/arm-none-eabi/4.8.0/../../../../arm-none-eabi/lib\libg.a(lib_a-syscalls.o)
 .text._system  0x00000000       0x42 c:/freescale/kds_1.0.1/toolchain/bin/../lib/gcc/arm-none-eabi/4.8.0/../../../../arm-none-eabi/lib\libg.a(lib_a-syscalls.o)
 .text._rename  0x00000000       0x3a c:/freescale/kds_1.0.1/toolchain/bin/../lib/gcc/arm-none-eabi/4.8.0/../../../../arm-none-eabi/lib\libg.a(lib_a-syscalls.o)
 .bss.monitor_stdout
                0x00000000        0x4 c:/freescale/kds_1.0.1/toolchain/bin/../lib/gcc/arm-none-eabi/4.8.0/../../../../arm-none-eabi/lib\libg.a(lib_a-syscalls.o)
 .bss.monitor_stdin
                0x00000000        0x4 c:/freescale/kds_1.0.1/toolchain/bin/../lib/gcc/arm-none-eabi/4.8.0/../../../../arm-none-eabi/lib\libg.a(lib_a-syscalls.o)
 .rodata.str1.1
                0x00000000        0x4 c:/freescale/kds_1.0.1/toolchain/bin/../lib/gcc/arm-none-eabi/4.8.0/../../../../arm-none-eabi/lib\libg.a(lib_a-syscalls.o)
 .bss.heap_end.5177
                0x00000000        0x4 c:/freescale/kds_1.0.1/toolchain/bin/../lib/gcc/arm-none-eabi/4.8.0/../../../../arm-none-eabi/lib\libg.a(lib_a-syscalls.o)
 .bss.monitor_stderr
                0x00000000        0x4 c:/freescale/kds_1.0.1/toolchain/bin/../lib/gcc/arm-none-eabi/4.8.0/../../../../arm-none-eabi/lib\libg.a(lib_a-syscalls.o)
 .bss.openfiles
                0x00000000       0xa0 c:/freescale/kds_1.0.1/toolchain/bin/../lib/gcc/arm-none-eabi/4.8.0/../../../../arm-none-eabi/lib\libg.a(lib_a-syscalls.o)
 .comment       0x00000000       0x32 c:/freescale/kds_1.0.1/toolchain/bin/../lib/gcc/arm-none-eabi/4.8.0/../../../../arm-none-eabi/lib\libg.a(lib_a-syscalls.o)
 .ARM.attributes
                0x00000000       0x31 c:/freescale/kds_1.0.1/toolchain/bin/../lib/gcc/arm-none-eabi/4.8.0/../../../../arm-none-eabi/lib\libg.a(lib_a-syscalls.o)
 .text          0x00000000        0x0 c:/freescale/kds_1.0.1/toolchain/bin/../lib/gcc/arm-none-eabi/4.8.0/../../../../arm-none-eabi/lib\libg.a(lib_a-__atexit.o)
 .data          0x00000000        0x0 c:/freescale/kds_1.0.1/toolchain/bin/../lib/gcc/arm-none-eabi/4.8.0/../../../../arm-none-eabi/lib\libg.a(lib_a-__atexit.o)
 .bss           0x00000000        0x0 c:/freescale/kds_1.0.1/toolchain/bin/../lib/gcc/arm-none-eabi/4.8.0/../../../../arm-none-eabi/lib\libg.a(lib_a-__atexit.o)
 .text.__register_exitproc
                0x00000000       0x9c c:/freescale/kds_1.0.1/toolchain/bin/../lib/gcc/arm-none-eabi/4.8.0/../../../../arm-none-eabi/lib\libg.a(lib_a-__atexit.o)
 .comment       0x00000000       0x32 c:/freescale/kds_1.0.1/toolchain/bin/../lib/gcc/arm-none-eabi/4.8.0/../../../../arm-none-eabi/lib\libg.a(lib_a-__atexit.o)
 .ARM.attributes
                0x00000000       0x31 c:/freescale/kds_1.0.1/toolchain/bin/../lib/gcc/arm-none-eabi/4.8.0/../../../../arm-none-eabi/lib\libg.a(lib_a-__atexit.o)
 .text          0x00000000        0x0 c:/freescale/kds_1.0.1/toolchain/bin/../lib/gcc/arm-none-eabi/4.8.0/../../../../arm-none-eabi/lib\libg.a(lib_a-__call_atexit.o)
 .data          0x00000000        0x0 c:/freescale/kds_1.0.1/toolchain/bin/../lib/gcc/arm-none-eabi/4.8.0/../../../../arm-none-eabi/lib\libg.a(lib_a-__call_atexit.o)
 .bss           0x00000000        0x0 c:/freescale/kds_1.0.1/toolchain/bin/../lib/gcc/arm-none-eabi/4.8.0/../../../../arm-none-eabi/lib\libg.a(lib_a-__call_atexit.o)
 .text.__call_exitprocs
                0x00000000       0xc8 c:/freescale/kds_1.0.1/toolchain/bin/../lib/gcc/arm-none-eabi/4.8.0/../../../../arm-none-eabi/lib\libg.a(lib_a-__call_atexit.o)
 .comment       0x00000000       0x32 c:/freescale/kds_1.0.1/toolchain/bin/../lib/gcc/arm-none-eabi/4.8.0/../../../../arm-none-eabi/lib\libg.a(lib_a-__call_atexit.o)
 .ARM.attributes
                0x00000000       0x31 c:/freescale/kds_1.0.1/toolchain/bin/../lib/gcc/arm-none-eabi/4.8.0/../../../../arm-none-eabi/lib\libg.a(lib_a-__call_atexit.o)
 .text          0x00000000        0x0 c:/freescale/kds_1.0.1/toolchain/bin/../lib/gcc/arm-none-eabi/4.8.0/../../../../arm-none-eabi/lib\libg.a(lib_a-errno.o)
 .data          0x00000000        0x0 c:/freescale/kds_1.0.1/toolchain/bin/../lib/gcc/arm-none-eabi/4.8.0/../../../../arm-none-eabi/lib\libg.a(lib_a-errno.o)
 .bss           0x00000000        0x0 c:/freescale/kds_1.0.1/toolchain/bin/../lib/gcc/arm-none-eabi/4.8.0/../../../../arm-none-eabi/lib\libg.a(lib_a-errno.o)
 .text.__errno  0x00000000        0xc c:/freescale/kds_1.0.1/toolchain/bin/../lib/gcc/arm-none-eabi/4.8.0/../../../../arm-none-eabi/lib\libg.a(lib_a-errno.o)
 .comment       0x00000000       0x32 c:/freescale/kds_1.0.1/toolchain/bin/../lib/gcc/arm-none-eabi/4.8.0/../../../../arm-none-eabi/lib\libg.a(lib_a-errno.o)
 .ARM.attributes
                0x00000000       0x31 c:/freescale/kds_1.0.1/toolchain/bin/../lib/gcc/arm-none-eabi/4.8.0/../../../../arm-none-eabi/lib\libg.a(lib_a-errno.o)
 .text          0x00000000        0x0 c:/freescale/kds_1.0.1/toolchain/bin/../lib/gcc/arm-none-eabi/4.8.0/../../../../arm-none-eabi/lib\libg.a(lib_a-strlen.o)
 .data          0x00000000        0x0 c:/freescale/kds_1.0.1/toolchain/bin/../lib/gcc/arm-none-eabi/4.8.0/../../../../arm-none-eabi/lib\libg.a(lib_a-strlen.o)
 .bss           0x00000000        0x0 c:/freescale/kds_1.0.1/toolchain/bin/../lib/gcc/arm-none-eabi/4.8.0/../../../../arm-none-eabi/lib\libg.a(lib_a-strlen.o)
 .text.strlen   0x00000000        0xe c:/freescale/kds_1.0.1/toolchain/bin/../lib/gcc/arm-none-eabi/4.8.0/../../../../arm-none-eabi/lib\libg.a(lib_a-strlen.o)
 .comment       0x00000000       0x32 c:/freescale/kds_1.0.1/toolchain/bin/../lib/gcc/arm-none-eabi/4.8.0/../../../../arm-none-eabi/lib\libg.a(lib_a-strlen.o)
 .ARM.attributes
                0x00000000       0x31 c:/freescale/kds_1.0.1/toolchain/bin/../lib/gcc/arm-none-eabi/4.8.0/../../../../arm-none-eabi/lib\libg.a(lib_a-strlen.o)
 .text          0x00000000        0x0 c:/freescale/kds_1.0.1/toolchain/bin/../lib/gcc/arm-none-eabi/4.8.0/crtend.o
 .data          0x00000000        0x0 c:/freescale/kds_1.0.1/toolchain/bin/../lib/gcc/arm-none-eabi/4.8.0/crtend.o
 .bss           0x00000000        0x0 c:/freescale/kds_1.0.1/toolchain/bin/../lib/gcc/arm-none-eabi/4.8.0/crtend.o
 .eh_frame      0x00000000        0x4 c:/freescale/kds_1.0.1/toolchain/bin/../lib/gcc/arm-none-eabi/4.8.0/crtend.o
 .jcr           0x00000000        0x4 c:/freescale/kds_1.0.1/toolchain/bin/../lib/gcc/arm-none-eabi/4.8.0/crtend.o
 .text          0x00000000        0x0 c:/freescale/kds_1.0.1/toolchain/bin/../lib/gcc/arm-none-eabi/4.8.0/crtn.o
 .data          0x00000000        0x0 c:/freescale/kds_1.0.1/toolchain/bin/../lib/gcc/arm-none-eabi/4.8.0/crtn.o
 .bss           0x00000000        0x0 c:/freescale/kds_1.0.1/toolchain/bin/../lib/gcc/arm-none-eabi/4.8.0/crtn.o

Memory Configuration

Name             Origin             Length             Attributes
m_interrupts     0x00000000         0x000000c0         xr
m_text           0x00000410         0x0001fbf0         xr
m_data           0x1ffff000         0x00004000         rw
m_cfmprotrom     0x00000400         0x00000010         xr
*default*        0x00000000         0xffffffff

Linker script and memory map

LOAD c:/freescale/kds_1.0.1/toolchain/bin/../lib/gcc/arm-none-eabi/4.8.0/crti.o
LOAD c:/freescale/kds_1.0.1/toolchain/bin/../lib/gcc/arm-none-eabi/4.8.0/crtbegin.o
LOAD c:/freescale/kds_1.0.1/toolchain/bin/../lib/gcc/arm-none-eabi/4.8.0/../../../../arm-none-eabi/lib/crt0.o
LOAD ./Sources/Events.o
LOAD ./Sources/main.o
LOAD ./Project_Settings/Startup_Code/startup.o
LOAD ./Generated_Code/Cpu.o
LOAD ./Generated_Code/PE_LDD.o
LOAD ./Generated_Code/Vectors.o
LOAD c:/freescale/kds_1.0.1/toolchain/bin/../lib/gcc/arm-none-eabi/4.8.0/../../../../arm-none-eabi/lib\libstdc++.a
LOAD c:/freescale/kds_1.0.1/toolchain/bin/../lib/gcc/arm-none-eabi/4.8.0/../../../../arm-none-eabi/lib\libm.a
START GROUP
LOAD c:/freescale/kds_1.0.1/toolchain/bin/../lib/gcc/arm-none-eabi/4.8.0\libgcc.a
LOAD c:/freescale/kds_1.0.1/toolchain/bin/../lib/gcc/arm-none-eabi/4.8.0/../../../../arm-none-eabi/lib\libg.a
LOAD c:/freescale/kds_1.0.1/toolchain/bin/../lib/gcc/arm-none-eabi/4.8.0/../../../../arm-none-eabi/lib\libc.a
END GROUP
LOAD c:/freescale/kds_1.0.1/toolchain/bin/../lib/gcc/arm-none-eabi/4.8.0/crtend.o
LOAD c:/freescale/kds_1.0.1/toolchain/bin/../lib/gcc/arm-none-eabi/4.8.0/crtn.o
                0x20003000                _estack = 0x20003000
                0x20003000                __SP_INIT = _estack
                0x00000000                __heap_size = 0x0
                0x00000400                __stack_size = 0x400

.interrupts     0x00000000       0xc0
                0x00000000                __vector_table = .
                0x00000000                . = ALIGN (0x4)
 *(.vectortable)
 .vectortable   0x00000000       0xc0 ./Generated_Code/Vectors.o
                0x00000000                __vect_table
                0x000000c0                . = ALIGN (0x4)

.cfmprotect     0x00000400       0x10
                0x00000400                . = ALIGN (0x4)
 *(.cfmconfig)
 .cfmconfig     0x00000400       0x10 ./Generated_Code/Cpu.o
                0x00000400                _cfm
                0x00000410                . = ALIGN (0x4)

.text           0x00000410      0x580
                0x00000410                . = ALIGN (0x4)
 *(.text)
 *(.text*)
 .text.deregister_tm_clones
                0x00000410       0x24 c:/freescale/kds_1.0.1/toolchain/bin/../lib/gcc/arm-none-eabi/4.8.0/crtbegin.o
 .text.register_tm_clones
                0x00000434       0x28 c:/freescale/kds_1.0.1/toolchain/bin/../lib/gcc/arm-none-eabi/4.8.0/crtbegin.o
 .text.__do_global_dtors_aux
                0x0000045c       0x30 c:/freescale/kds_1.0.1/toolchain/bin/../lib/gcc/arm-none-eabi/4.8.0/crtbegin.o
 .text.frame_dummy
                0x0000048c       0x3c c:/freescale/kds_1.0.1/toolchain/bin/../lib/gcc/arm-none-eabi/4.8.0/crtbegin.o
 .text.Cpu_OnNMIINT
                0x000004c8        0x8 ./Sources/Events.o
                0x000004c8                Cpu_OnNMIINT
 .text.main     0x000004d0        0xc ./Sources/main.o
                0x000004d0                main
 .text.__flush_cache
                0x000004dc       0x10 ./Project_Settings/Startup_Code/startup.o
                0x000004dc                __flush_cache
 .text.__copy_rom_section
                0x000004ec       0xd8 ./Project_Settings/Startup_Code/startup.o
                0x000004ec                __copy_rom_section
 .text.__copy_rom_sections_to_ram
                0x000005c4       0xc0 ./Project_Settings/Startup_Code/startup.o
                0x000005c4                __copy_rom_sections_to_ram
 .text.zero_fill_bss
                0x00000684       0xac ./Project_Settings/Startup_Code/startup.o
 .text.__init_registers
                0x00000730        0x8 ./Project_Settings/Startup_Code/startup.o
                0x00000730                __init_registers
 .text.__init_user
                0x00000738        0x8 ./Project_Settings/Startup_Code/startup.o
                0x00000738                __init_user
 .text.__thumb_startup
                0x00000740       0x48 ./Project_Settings/Startup_Code/startup.o
                0x00000740                __thumb_startup
 .text.Cpu_INT_NMIInterrupt
                0x00000788        0xc ./Generated_Code/Cpu.o
                0x00000788                Cpu_INT_NMIInterrupt
 .text.Cpu_Interrupt
                0x00000794        0xc ./Generated_Code/Cpu.o
                0x00000794                Cpu_Interrupt
 .text.__init_hardware
                0x000007a0      0x110 ./Generated_Code/Cpu.o
                0x000007a0                __init_hardware
 .text.PE_low_level_init
                0x000008b0       0xc8 ./Generated_Code/Cpu.o
                0x000008b0                PE_low_level_init
 *(.rodata)
 *(.rodata*)
 *(.glue_7)
 .glue_7        0x00000000        0x0 linker stubs
 *(.glue_7t)
 .glue_7t       0x00000000        0x0 linker stubs
 *(.eh_frame)
 .eh_frame      0x00000978        0x0 c:/freescale/kds_1.0.1/toolchain/bin/../lib/gcc/arm-none-eabi/4.8.0/crtbegin.o
 *(.init)
 .init          0x00000978        0x4 c:/freescale/kds_1.0.1/toolchain/bin/../lib/gcc/arm-none-eabi/4.8.0/crti.o
                0x00000978                _init
 .init          0x0000097c        0x8 c:/freescale/kds_1.0.1/toolchain/bin/../lib/gcc/arm-none-eabi/4.8.0/crtn.o
 *(.fini)
 .fini          0x00000984        0x4 c:/freescale/kds_1.0.1/toolchain/bin/../lib/gcc/arm-none-eabi/4.8.0/crti.o
                0x00000984                _fini
 .fini          0x00000988        0x8 c:/freescale/kds_1.0.1/toolchain/bin/../lib/gcc/arm-none-eabi/4.8.0/crtn.o
                0x00000990                . = ALIGN (0x4)
                0x00000990                _etext = .

.vfp11_veneer   0x00000990        0x0
 .vfp11_veneer  0x00000000        0x0 linker stubs

.v4_bx          0x00000990        0x0
 .v4_bx         0x00000000        0x0 linker stubs

.iplt           0x00000990        0x0
 .iplt          0x00000000        0x0 c:/freescale/kds_1.0.1/toolchain/bin/../lib/gcc/arm-none-eabi/4.8.0/crtbegin.o

.rel.dyn        0x00000990        0x0
 .rel.iplt      0x00000000        0x0 c:/freescale/kds_1.0.1/toolchain/bin/../lib/gcc/arm-none-eabi/4.8.0/crtbegin.o

.ARM.extab
 *(.ARM.extab* .gnu.linkonce.armextab.*)

.ARM            0x00000990        0x0
                0x00000990                __exidx_start = .
 *(.ARM.exidx*)
                0x00000990                __exidx_end = .

.ctors          0x00000990        0x0
                0x00000990                __CTOR_LIST__ = .
 *crtbegin.o(.ctors)
 *(EXCLUDE_FILE(*crtend.o) .ctors)
 *(SORT(.ctors.*))
 *(.ctors)
                0x00000990                __CTOR_END__ = .

.dtors          0x00000990        0x0
                0x00000990                __DTOR_LIST__ = .
 *crtbegin.o(.dtors)
 *(EXCLUDE_FILE(*crtend.o) .dtors)
 *(SORT(.dtors.*))
 *(.dtors)
                0x00000990                __DTOR_END__ = .

.preinit_array  0x00000990        0x0
                0x00000990                PROVIDE (__preinit_array_start, .)
 *(.preinit_array*)
                0x00000990                PROVIDE (__preinit_array_end, .)

.init_array     0x00000990        0x4
                0x00000990                PROVIDE (__init_array_start, .)
 *(SORT(.init_array.*))
 *(.init_array*)
 .init_array    0x00000990        0x4 c:/freescale/kds_1.0.1/toolchain/bin/../lib/gcc/arm-none-eabi/4.8.0/crtbegin.o
                0x00000994                PROVIDE (__init_array_end, .)

.fini_array     0x00000994        0x4
                0x00000994                PROVIDE (__fini_array_start, .)
 *(SORT(.fini_array.*))
 *(.fini_array*)
 .fini_array    0x00000994        0x4 c:/freescale/kds_1.0.1/toolchain/bin/../lib/gcc/arm-none-eabi/4.8.0/crtbegin.o
                0x00000998                PROVIDE (__fini_array_end, .)
                0x00000998                ___ROM_AT = .

.mtb            0x1ffff000        0x0
                0x1ffff000                . = ALIGN (0x8)
                0x1ffff000                _mtb_start = .
 *(.mtb_buf)
                0x1ffff000                . = ALIGN (0x8)
                0x1ffff000                _mtb_end = .

.data           0x1ffff000        0x0 load address 0x00000998
                0x1ffff000                . = ALIGN (0x4)
                0x1ffff000                _sdata = .
 *(.data)
 *(.data*)
                0x1ffff000                . = ALIGN (0x4)
                0x1ffff000                _edata = .
                0x00000000                ___data_size = (_edata - _sdata)

.jcr            0x1ffff000        0x0
 .jcr           0x1ffff000        0x0 c:/freescale/kds_1.0.1/toolchain/bin/../lib/gcc/arm-none-eabi/4.8.0/crtbegin.o

.tm_clone_table
                0x1ffff000        0x0
 .tm_clone_table
                0x1ffff000        0x0 c:/freescale/kds_1.0.1/toolchain/bin/../lib/gcc/arm-none-eabi/4.8.0/crtbegin.o
 .tm_clone_table
                0x1ffff000        0x0 c:/freescale/kds_1.0.1/toolchain/bin/../lib/gcc/arm-none-eabi/4.8.0/crtend.o

.igot.plt       0x1ffff000        0x0
 .igot.plt      0x00000000        0x0 c:/freescale/kds_1.0.1/toolchain/bin/../lib/gcc/arm-none-eabi/4.8.0/crtbegin.o
                0x1ffff000                . = ALIGN (0x4)

.bss            0x1ffff000       0x44
                0x1ffff000                __START_BSS = .
                0x1ffff000                PROVIDE (__bss_start__, __START_BSS)
 *(.bss)
 *(.bss*)
 .bss.completed.6137
                0x1ffff000        0x1 c:/freescale/kds_1.0.1/toolchain/bin/../lib/gcc/arm-none-eabi/4.8.0/crtbegin.o
 *fill*         0x1ffff001        0x3 
 .bss.object.6142
                0x1ffff004       0x18 c:/freescale/kds_1.0.1/toolchain/bin/../lib/gcc/arm-none-eabi/4.8.0/crtbegin.o
 .bss.argv      0x1ffff01c       0x28 ./Project_Settings/Startup_Code/startup.o
 *(COMMON)
                0x1ffff044                . = ALIGN (0x4)
                0x1ffff044                __END_BSS = .
                0x1ffff044                PROVIDE (__bss_end__, __END_BSS)
                0x00000998                _romp_at = (___ROM_AT + SIZEOF (.data))

.romp           0x1ffff044       0x18 load address 0x00000998
                0x00000998                __S_romp = _romp_at
                0x1ffff044        0x4 LONG 0x998 ___ROM_AT
                0x1ffff048        0x4 LONG 0x1ffff000 _sdata
                0x1ffff04c        0x4 LONG 0x0 ___data_size
                0x1ffff050        0x4 LONG 0x0
                0x1ffff054        0x4 LONG 0x0
                0x1ffff058        0x4 LONG 0x0

._user_heap_stack
                0x1ffff05c      0x400 load address 0x000009b0
                0x1ffff05c                . = ALIGN (0x4)
                0x1ffff05c                PROVIDE (end, .)
                0x1ffff05c                PROVIDE (_end, .)
                0x1ffff05c                __heap_addr = .
                0x1ffff05c                __HeapBase = .
                0x1ffff05c                . = (. + __heap_size)
                0x1ffff05c                __HeapLimit = .
                0x1ffff45c                . = (. + __stack_size)
 *fill*         0x1ffff05c      0x400 
                0x1ffff45c                . = ALIGN (0x4)

.ARM.attributes
                0x00000000       0x2f
 *(.ARM.attributes)
 .ARM.attributes
                0x00000000       0x23 c:/freescale/kds_1.0.1/toolchain/bin/../lib/gcc/arm-none-eabi/4.8.0/crti.o
 .ARM.attributes
                0x00000023       0x31 c:/freescale/kds_1.0.1/toolchain/bin/../lib/gcc/arm-none-eabi/4.8.0/crtbegin.o
 .ARM.attributes
                0x00000054       0x32 ./Sources/Events.o
 .ARM.attributes
                0x00000086       0x32 ./Sources/main.o
 .ARM.attributes
                0x000000b8       0x32 ./Project_Settings/Startup_Code/startup.o
 .ARM.attributes
                0x000000ea       0x32 ./Generated_Code/Cpu.o
 .ARM.attributes
                0x0000011c       0x32 ./Generated_Code/Vectors.o
 .ARM.attributes
                0x0000014e       0x31 c:/freescale/kds_1.0.1/toolchain/bin/../lib/gcc/arm-none-eabi/4.8.0/crtend.o
 .ARM.attributes
                0x0000017f       0x23 c:/freescale/kds_1.0.1/toolchain/bin/../lib/gcc/arm-none-eabi/4.8.0/crtn.o
OUTPUT(ZigbeeTest.elf elf32-littlearm)

.comment        0x00000000       0x31
 .comment       0x00000000       0x31 c:/freescale/kds_1.0.1/toolchain/bin/../lib/gcc/arm-none-eabi/4.8.0/crtbegin.o
                                 0x32 (size before relaxing)
 .comment       0x00000000       0x32 ./Sources/Events.o
 .comment       0x00000000       0x32 ./Sources/main.o
 .comment       0x00000000       0x32 ./Project_Settings/Startup_Code/startup.o
 .comment       0x00000000       0x32 ./Generated_Code/Cpu.o
 .comment       0x00000000       0x32 ./Generated_Code/Vectors.o
 .comment       0x00000000       0x32 c:/freescale/kds_1.0.1/toolchain/bin/../lib/gcc/arm-none-eabi/4.8.0/crtend.o

.debug_info     0x00000000      0xd60
 .debug_info    0x00000000       0x96 ./Sources/Events.o
 .debug_info    0x00000096       0x9a ./Sources/main.o
 .debug_info    0x00000130      0x308 ./Project_Settings/Startup_Code/startup.o
 .debug_info    0x00000438      0x825 ./Generated_Code/Cpu.o
 .debug_info    0x00000c5d      0x103 ./Generated_Code/Vectors.o

.debug_abbrev   0x00000000      0x3c7
 .debug_abbrev  0x00000000       0x45 ./Sources/Events.o
 .debug_abbrev  0x00000045       0x47 ./Sources/main.o
 .debug_abbrev  0x0000008c      0x148 ./Project_Settings/Startup_Code/startup.o
 .debug_abbrev  0x000001d4      0x14f ./Generated_Code/Cpu.o
 .debug_abbrev  0x00000323       0xa4 ./Generated_Code/Vectors.o

.debug_aranges  0x00000000       0xf0
 .debug_aranges
                0x00000000       0x20 ./Sources/Events.o
 .debug_aranges
                0x00000020       0x20 ./Sources/main.o
 .debug_aranges
                0x00000040       0x60 ./Project_Settings/Startup_Code/startup.o
 .debug_aranges
                0x000000a0       0x38 ./Generated_Code/Cpu.o
 .debug_aranges
                0x000000d8       0x18 ./Generated_Code/Vectors.o

.debug_ranges   0x00000000       0x98
 .debug_ranges  0x00000000       0x10 ./Sources/Events.o
 .debug_ranges  0x00000010       0x10 ./Sources/main.o
 .debug_ranges  0x00000020       0x50 ./Project_Settings/Startup_Code/startup.o
 .debug_ranges  0x00000070       0x28 ./Generated_Code/Cpu.o

.debug_macro    0x00000000     0x88eb
 .debug_macro   0x00000000       0x81 ./Sources/Events.o
 .debug_macro   0x00000081      0x802 ./Sources/Events.o
 .debug_macro   0x00000883      0x214 ./Sources/Events.o
 .debug_macro   0x00000a97     0x1568 ./Sources/Events.o
 .debug_macro   0x00001fff      0x14e ./Sources/Events.o
 .debug_macro   0x0000214d       0x64 ./Sources/Events.o
 .debug_macro   0x000021b1     0x5f60 ./Sources/Events.o
 .debug_macro   0x00008111       0x94 ./Sources/Events.o
 .debug_macro   0x000081a5       0x81 ./Sources/main.o
 .debug_macro   0x00008226       0xee ./Project_Settings/Startup_Code/startup.o
 .debug_macro   0x00008314       0x2e ./Project_Settings/Startup_Code/startup.o
 .debug_macro   0x00008342       0x2e ./Project_Settings/Startup_Code/startup.o
 .debug_macro   0x00008370       0x95 ./Project_Settings/Startup_Code/startup.o
 .debug_macro   0x00008405       0x3a ./Project_Settings/Startup_Code/startup.o
 .debug_macro   0x0000843f       0x52 ./Project_Settings/Startup_Code/startup.o
 .debug_macro   0x00008491       0x19 ./Project_Settings/Startup_Code/startup.o
 .debug_macro   0x000084aa      0x16d ./Project_Settings/Startup_Code/startup.o
 .debug_macro   0x00008617       0x89 ./Project_Settings/Startup_Code/startup.o
 .debug_macro   0x000086a0       0x10 ./Project_Settings/Startup_Code/startup.o
 .debug_macro   0x000086b0       0x89 ./Project_Settings/Startup_Code/startup.o
 .debug_macro   0x00008739       0x1c ./Project_Settings/Startup_Code/startup.o
 .debug_macro   0x00008755       0x7b ./Generated_Code/Cpu.o
 .debug_macro   0x000087d0       0x9a ./Generated_Code/Cpu.o
 .debug_macro   0x0000886a       0x81 ./Generated_Code/Vectors.o

.debug_line     0x00000000      0xb95
 .debug_line    0x00000000      0x1c8 ./Sources/Events.o
 .debug_line    0x000001c8      0x1cd ./Sources/main.o
 .debug_line    0x00000395      0x322 ./Project_Settings/Startup_Code/startup.o
 .debug_line    0x000006b7      0x2a5 ./Generated_Code/Cpu.o
 .debug_line    0x0000095c      0x239 ./Generated_Code/Vectors.o

.debug_str      0x00000000    0x2b44a
 .debug_str     0x00000000    0x2944f ./Sources/Events.o
                              0x2982b (size before relaxing)
 .debug_str     0x0002944f       0x17 ./Sources/main.o
                              0x29821 (size before relaxing)
 .debug_str     0x00029466     0x1ccb ./Project_Settings/Startup_Code/startup.o
                               0x3fef (size before relaxing)
 .debug_str     0x0002b131      0x2fd ./Generated_Code/Cpu.o
                              0x29b17 (size before relaxing)
 .debug_str     0x0002b42e       0x1c ./Generated_Code/Vectors.o
                              0x29868 (size before relaxing)

.debug_frame    0x00000000      0x1f8
 .debug_frame   0x00000000       0x2c ./Sources/Events.o
 .debug_frame   0x0000002c       0x2c ./Sources/main.o
 .debug_frame   0x00000058      0x120 ./Project_Settings/Startup_Code/startup.o
 .debug_frame   0x00000178       0x80 ./Generated_Code/Cpu.o
